[info] [Firebase Plugin] Stopping Data Connect toolkit
[warn] ⚠  Data Connect Emulator has exited upon receiving signal: SIGINT 
[debug] [2026-03-10T21:18:11.396Z] [Firebase Plugin] Activating Firebase extension.
[debug] [2026-03-10T21:18:14.945Z] [Firebase Plugin] requireAuthWrapper
[debug] [2026-03-10T21:18:14.946Z] > command requires scopes: ["email","openid","https://www.googleapis.com/auth/cloudplatformprojects.readonly","https://www.googleapis.com/auth/firebase","https://www.googleapis.com/auth/cloud-platform"]
[debug] [2026-03-10T21:18:14.947Z] > authorizing via signed-in user (filipesallesdev@gmail.com)
[debug] [2026-03-10T21:18:14.949Z] Checked if tokens are valid: true, expires at: 1773179212782
[debug] [2026-03-10T21:18:14.950Z] Checked if tokens are valid: true, expires at: 1773179212782
[debug] [2026-03-10T21:18:14.950Z] [Firebase Plugin] User found:  filipesallesdev@gmail.com
[info] [Firebase Plugin] (Core:Project) New user detected, fetching projects
[debug] [2026-03-10T21:18:14.951Z] Checked if tokens are valid: true, expires at: 1773179212782
[debug] [2026-03-10T21:18:14.952Z] >>> [apiv2][query] GET https://firebase.googleapis.com/v1beta1/projects pageSize=1000
[debug] [2026-03-10T21:18:14.963Z] [Firebase Plugin] VSCode notification server listening on port 40001
[info] [Firebase Plugin] Starting Data Connect toolkit (version 3.2.1) on port 50001
[debug] [2026-03-10T21:18:15.283Z] I0310 18:18:15.278246  347090 control.go:100] [projects/emulator/locations/emulator/services/hjlog-local 3f0a] UpdateResources(): done
Main schema: sources: 
 {"metadata":{"emulator":{"name":"dataconnect"},"message":"I0310 18:18:15.278246  347090 control.go:100] [projects/emulator/locations/emulator/services/hjlog-local 3f0a] UpdateResources(): done\nMain schema: sources: \n"}}
[debug] [2026-03-10T21:18:15.284Z] Ignoring unsupported arg: auto_download {"metadata":{"emulator":{"name":"dataconnect"},"message":"Ignoring unsupported arg: auto_download"}}
[debug] [2026-03-10T21:18:15.284Z] Ignoring unsupported arg: port {"metadata":{"emulator":{"name":"dataconnect"},"message":"Ignoring unsupported arg: port"}}
[debug] [2026-03-10T21:18:15.285Z] Starting Data Connect Emulator with command {"binary":"/home/sea/.cache/firebase/emulators/dataconnect-emulator-3.2.1","args":["--logtostderr","-v=2","dev","--listen=localhost:50001","--config_dir=/home/sea/projetos/HJLog/dataconnect","--enable_output_schema_extensions=true","--enable_output_generated_sdk=true"],"optionalArgs":["listen","config_dir","enable_output_schema_extensions","enable_output_generated_sdk"],"joinArgs":true,"shell":false,"port":9399} {"metadata":{"emulator":{"name":"dataconnect"},"message":"Starting Data Connect Emulator with command {\"binary\":\"/home/sea/.cache/firebase/emulators/dataconnect-emulator-3.2.1\",\"args\":[\"--logtostderr\",\"-v=2\",\"dev\",\"--listen=localhost:50001\",\"--config_dir=/home/sea/projetos/HJLog/dataconnect\",\"--enable_output_schema_extensions=true\",\"--enable_output_generated_sdk=true\"],\"optionalArgs\":[\"listen\",\"config_dir\",\"enable_output_schema_extensions\",\"enable_output_generated_sdk\"],\"joinArgs\":true,\"shell\":false,\"port\":9399}"}}
[info] i  dataconnect: Data Connect Emulator logging to dataconnect-debug.log {"metadata":{"emulator":{"name":"dataconnect"},"message":"Data Connect Emulator logging to dataconnect-debug.log"}}
[debug] [2026-03-10T21:18:15.328Z] I0310 18:18:15.324083  347104 load.go:31] Reloading schema and connectors...
 {"metadata":{"emulator":{"name":"dataconnect"},"message":"I0310 18:18:15.324083  347104 load.go:31] Reloading schema and connectors...\n"}}
[debug] [2026-03-10T21:18:15.368Z] I0310 18:18:15.328871  347104 control.go:100] [projects/emulator/locations/emulator/services/hjlog-local 79f7] UpdateResources(): done
Main schema: sources: 
I0310 18:18:15.333004  347104 collector.go:107] schema extensions wrote into "/home/sea/projetos/HJLog/dataconnect/.dataconnect/schema"
Generated sources: prelude.gql [80731B] 
I0310 18:18:15.333047  347104 load.go:109] Finished reloading
I0310 18:18:15.333548  347104 dev.go:104] Listening on address (HTTP + gRPC): 127.0.0.1:50001
 {"metadata":{"emulator":{"name":"dataconnect"},"message":"I0310 18:18:15.328871  347104 control.go:100] [projects/emulator/locations/emulator/services/hjlog-local 79f7] UpdateResources(): done\nMain schema: sources: \nI0310 18:18:15.333004  347104 collector.go:107] schema extensions wrote into \"/home/sea/projetos/HJLog/dataconnect/.dataconnect/schema\"\nGenerated sources: prelude.gql [80731B] \nI0310 18:18:15.333047  347104 load.go:109] Finished reloading\nI0310 18:18:15.333548  347104 dev.go:104] Listening on address (HTTP + gRPC): 127.0.0.1:50001\n"}}
[error] [Firebase Plugin] error:  {}
[debug] [2026-03-10T21:18:16.485Z] <<< [apiv2][status] GET https://firebase.googleapis.com/v1beta1/projects 200
[debug] [2026-03-10T21:18:16.485Z] <<< [apiv2][body] GET https://firebase.googleapis.com/v1beta1/projects [omitted]
